// Jest Snapshot v1, https://goo.gl/fbAQLP

exports[`AddProject renders correctly 1`] = `
<DocumentFragment>
  <div>
    AddProject
  </div>
</DocumentFragment>
`;
