// Jest Snapshot v1, https://goo.gl/fbAQLP

exports[`App renders correctly 1`] = `
<DocumentFragment>
  <div
    class="app-container"
  >
    <nav
      class="navbar-container"
    >
      <a
        aria-current="page"
        class="active"
        href="/"
      >
        Overview
      </a>
      <a
        class=""
        href="/projects"
      >
        Projects
      </a>
    </nav>
    <div>
      Overview
    </div>
  </div>
</DocumentFragment>
`;
