// Jest Snapshot v1, https://goo.gl/fbAQLP

exports[`Overview renders correctly 1`] = `
<DocumentFragment>
  <div>
    Overview
  </div>
</DocumentFragment>
`;
